// Jest Snapshot v1, https://goo.gl/fbAQLP

exports[`renders correctly 1`] = `
<View
  style={
    Object {
      "alignItems": "center",
      "backgroundColor": "#487",
      "borderWidth": 10,
      "flex": 1,
      "justifyContent": "center",
      "padding": 15,
    }
  }
>
  <Text
    style={
      Object {
        "color": "#fff",
        "fontSize": 25,
        "marginVertical": 10,
      }
    }
  >
    App by unit test
  </Text>
  <View
    accessible={true}
    collapsable={false}
    focusable={true}
    onClick={[Function]}
    onResponderGrant={[Function]}
    onResponderMove={[Function]}
    onResponderRelease={[Function]}
    onResponderTerminate={[Function]}
    onResponderTerminationRequest={[Function]}
    onStartShouldSetResponder={[Function]}
    style={
      Object {
        "backgroundColor": "#806",
        "borderRadius": 5,
        "borderWidth": 1,
        "marginVertical": 10,
        "opacity": 1,
        "paddingHorizontal": 15,
        "paddingVertical": 10,
      }
    }
    testID="buttonCounter"
  >
    <Text
      style={
        Object {
          "color": "#fff",
          "fontSize": 23,
        }
      }
    >
      Button
    </Text>
  </View>
  <Text
    style={
      Object {
        "borderRadius": 5,
        "borderWidth": 2,
        "color": "#fff",
        "fontSize": 25,
        "marginVertical": 10,
        "padding": 10,
      }
    }
    testID="textLabel"
  >
    Count: 
    0
  </Text>
  <Text
    style={
      Object {
        "borderRadius": 5,
        "borderWidth": 2,
        "color": "#fff",
        "fontSize": 25,
        "marginVertical": 10,
        "padding": 10,
      }
    }
    testID="textLabel"
  >
    Count: 
    0
  </Text>
</View>
`;
